2025-07-17 06:56:58,214 - __main__ - INFO - Starting PDF ingestion from /app/data/pdfs
2025-07-17 06:56:58,214 - __main__ - INFO - Using collection: documents
2025-07-17 06:56:58,214 - __main__ - INFO - Chunk size: 1000, Overlap: 200, Batch size: 32
2025-07-17 06:56:58,280 - httpx - INFO - HTTP Request: GET http://qdrant:6333 "HTTP/1.1 200 OK"
2025-07-17 06:56:58,281 - sentence_transformers.SentenceTransformer - INFO - Load pretrained SentenceTransformer: all-MiniLM-L6-v2
2025-07-17 06:57:17,236 - sentence_transformers.SentenceTransformer - INFO - Use pytorch device_name: cpu
2025-07-17 06:57:17,243 - httpx - INFO - HTTP Request: GET http://qdrant:6333/collections "HTTP/1.1 200 OK"
2025-07-17 06:57:17,307 - httpx - INFO - HTTP Request: PUT http://qdrant:6333/collections/documents "HTTP/1.1 200 OK"
2025-07-17 06:57:17,307 - app.core.vector_store - INFO - Created collection: documents
2025-07-17 06:57:17,308 - __main__ - INFO - Processing Zhang et al. - 2024 - Benchmarking the Text-to-SQL Capability of Large L.pdf
2025-07-17 06:57:17,316 - scripts.pdf_processor - INFO - Processing PDF: Zhang et al. - 2024 - Benchmarking the Text-to-SQL Capability of Large L.pdf
2025-07-17 06:57:18,002 - scripts.pdf_processor - INFO - Processed 97 chunks from Zhang et al. - 2024 - Benchmarking the Text-to-SQL Capability of Large L.pdf
2025-07-17 06:57:18,002 - __main__ - ERROR - Error processing Zhang et al. - 2024 - Benchmarking the Text-to-SQL Capability of Large L.pdf: Failed to update ingestion status: update_ingestion() got an unexpected keyword argument 'ingestion_id'
Traceback (most recent call last):
  File "/app/app/utils/ingestion_tracker.py", line 119, in update_status
    result = crud_ingestion.update_ingestion(
TypeError: update_ingestion() got an unexpected keyword argument 'ingestion_id'

The above exception was the direct cause of the following exception:

Traceback (most recent call last):
  File "/app/scripts/ingest_pdfs.py", line 116, in process_pdfs
    tracker.mark_in_progress(total_documents=len(chunks))
  File "/app/app/utils/ingestion_tracker.py", line 146, in mark_in_progress
    return self.update_status(
  File "/app/app/utils/ingestion_tracker.py", line 131, in update_status
    raise RuntimeError(f"Failed to update ingestion status: {str(e)}") from e
RuntimeError: Failed to update ingestion status: update_ingestion() got an unexpected keyword argument 'ingestion_id'
2025-07-17 06:57:18,003 - __main__ - ERROR - Fatal error during PDF ingestion: Failed to update ingestion status: update_ingestion() got an unexpected keyword argument 'ingestion_id'
Traceback (most recent call last):
  File "/app/app/utils/ingestion_tracker.py", line 119, in update_status
    result = crud_ingestion.update_ingestion(
TypeError: update_ingestion() got an unexpected keyword argument 'ingestion_id'

The above exception was the direct cause of the following exception:

Traceback (most recent call last):
  File "/app/scripts/ingest_pdfs.py", line 116, in process_pdfs
    tracker.mark_in_progress(total_documents=len(chunks))
  File "/app/app/utils/ingestion_tracker.py", line 146, in mark_in_progress
    return self.update_status(
  File "/app/app/utils/ingestion_tracker.py", line 131, in update_status
    raise RuntimeError(f"Failed to update ingestion status: {str(e)}") from e
RuntimeError: Failed to update ingestion status: update_ingestion() got an unexpected keyword argument 'ingestion_id'

During handling of the above exception, another exception occurred:

Traceback (most recent call last):
  File "/app/app/utils/ingestion_tracker.py", line 119, in update_status
    result = crud_ingestion.update_ingestion(
TypeError: update_ingestion() got an unexpected keyword argument 'ingestion_id'

The above exception was the direct cause of the following exception:

Traceback (most recent call last):
  File "/app/scripts/ingest_pdfs.py", line 133, in process_pdfs
    tracker.mark_failed(error_message=error_msg)
  File "/app/app/utils/ingestion_tracker.py", line 201, in mark_failed
    return self.update_status(
  File "/app/app/utils/ingestion_tracker.py", line 131, in update_status
    raise RuntimeError(f"Failed to update ingestion status: {str(e)}") from e
RuntimeError: Failed to update ingestion status: update_ingestion() got an unexpected keyword argument 'ingestion_id'
2025-07-17 06:57:18,003 - __main__ - ERROR - PDF ingestion failed: Failed to update ingestion status: update_ingestion() got an unexpected keyword argument 'ingestion_id'
Traceback (most recent call last):
  File "/app/app/utils/ingestion_tracker.py", line 119, in update_status
    result = crud_ingestion.update_ingestion(
TypeError: update_ingestion() got an unexpected keyword argument 'ingestion_id'

The above exception was the direct cause of the following exception:

Traceback (most recent call last):
  File "/app/scripts/ingest_pdfs.py", line 116, in process_pdfs
    tracker.mark_in_progress(total_documents=len(chunks))
  File "/app/app/utils/ingestion_tracker.py", line 146, in mark_in_progress
    return self.update_status(
  File "/app/app/utils/ingestion_tracker.py", line 131, in update_status
    raise RuntimeError(f"Failed to update ingestion status: {str(e)}") from e
RuntimeError: Failed to update ingestion status: update_ingestion() got an unexpected keyword argument 'ingestion_id'

During handling of the above exception, another exception occurred:

Traceback (most recent call last):
  File "/app/app/utils/ingestion_tracker.py", line 119, in update_status
    result = crud_ingestion.update_ingestion(
TypeError: update_ingestion() got an unexpected keyword argument 'ingestion_id'

The above exception was the direct cause of the following exception:

Traceback (most recent call last):
  File "/app/scripts/ingest_pdfs.py", line 197, in main
    total_processed = process_pdfs(
  File "/app/scripts/ingest_pdfs.py", line 133, in process_pdfs
    tracker.mark_failed(error_message=error_msg)
  File "/app/app/utils/ingestion_tracker.py", line 201, in mark_failed
    return self.update_status(
  File "/app/app/utils/ingestion_tracker.py", line 131, in update_status
    raise RuntimeError(f"Failed to update ingestion status: {str(e)}") from e
RuntimeError: Failed to update ingestion status: update_ingestion() got an unexpected keyword argument 'ingestion_id'
2025-07-17 06:59:32,872 - __main__ - INFO - Starting PDF ingestion from /app/data/pdfs
2025-07-17 06:59:32,872 - __main__ - INFO - Using collection: documents
2025-07-17 06:59:32,872 - __main__ - INFO - Chunk size: 1000, Overlap: 200, Batch size: 32
2025-07-17 06:59:32,914 - httpx - INFO - HTTP Request: GET http://qdrant:6333 "HTTP/1.1 200 OK"
2025-07-17 06:59:32,915 - sentence_transformers.SentenceTransformer - INFO - Load pretrained SentenceTransformer: all-MiniLM-L6-v2
2025-07-17 06:59:48,975 - sentence_transformers.SentenceTransformer - INFO - Use pytorch device_name: cpu
2025-07-17 06:59:48,979 - httpx - INFO - HTTP Request: GET http://qdrant:6333/collections "HTTP/1.1 200 OK"
2025-07-17 06:59:49,035 - httpx - INFO - HTTP Request: PUT http://qdrant:6333/collections/documents "HTTP/1.1 200 OK"
2025-07-17 06:59:49,036 - app.core.vector_store - INFO - Created collection: documents
2025-07-17 06:59:49,036 - __main__ - INFO - Processing Zhang et al. - 2024 - Benchmarking the Text-to-SQL Capability of Large L.pdf
2025-07-17 06:59:49,042 - scripts.pdf_processor - INFO - Processing PDF: Zhang et al. - 2024 - Benchmarking the Text-to-SQL Capability of Large L.pdf
2025-07-17 06:59:49,719 - scripts.pdf_processor - INFO - Processed 97 chunks from Zhang et al. - 2024 - Benchmarking the Text-to-SQL Capability of Large L.pdf
2025-07-17 06:59:49,720 - __main__ - ERROR - Error processing Zhang et al. - 2024 - Benchmarking the Text-to-SQL Capability of Large L.pdf: Failed to update ingestion status: update_ingestion() got an unexpected keyword argument 'ingestion_id'
Traceback (most recent call last):
  File "/app/app/utils/ingestion_tracker.py", line 119, in update_status
    result = crud_ingestion.update_ingestion(
TypeError: update_ingestion() got an unexpected keyword argument 'ingestion_id'

The above exception was the direct cause of the following exception:

Traceback (most recent call last):
  File "/app/scripts/ingest_pdfs.py", line 116, in process_pdfs
    tracker.mark_in_progress(total_documents=len(chunks))
  File "/app/app/utils/ingestion_tracker.py", line 146, in mark_in_progress
    return self.update_status(
  File "/app/app/utils/ingestion_tracker.py", line 131, in update_status
    raise RuntimeError(f"Failed to update ingestion status: {str(e)}") from e
RuntimeError: Failed to update ingestion status: update_ingestion() got an unexpected keyword argument 'ingestion_id'
2025-07-17 06:59:49,720 - __main__ - ERROR - Fatal error during PDF ingestion: Failed to update ingestion status: update_ingestion() got an unexpected keyword argument 'ingestion_id'
Traceback (most recent call last):
  File "/app/app/utils/ingestion_tracker.py", line 119, in update_status
    result = crud_ingestion.update_ingestion(
TypeError: update_ingestion() got an unexpected keyword argument 'ingestion_id'

The above exception was the direct cause of the following exception:

Traceback (most recent call last):
  File "/app/scripts/ingest_pdfs.py", line 116, in process_pdfs
    tracker.mark_in_progress(total_documents=len(chunks))
  File "/app/app/utils/ingestion_tracker.py", line 146, in mark_in_progress
    return self.update_status(
  File "/app/app/utils/ingestion_tracker.py", line 131, in update_status
    raise RuntimeError(f"Failed to update ingestion status: {str(e)}") from e
RuntimeError: Failed to update ingestion status: update_ingestion() got an unexpected keyword argument 'ingestion_id'

During handling of the above exception, another exception occurred:

Traceback (most recent call last):
  File "/app/app/utils/ingestion_tracker.py", line 119, in update_status
    result = crud_ingestion.update_ingestion(
TypeError: update_ingestion() got an unexpected keyword argument 'ingestion_id'

The above exception was the direct cause of the following exception:

Traceback (most recent call last):
  File "/app/scripts/ingest_pdfs.py", line 133, in process_pdfs
    tracker.mark_failed(error_message=error_msg)
  File "/app/app/utils/ingestion_tracker.py", line 201, in mark_failed
    return self.update_status(
  File "/app/app/utils/ingestion_tracker.py", line 131, in update_status
    raise RuntimeError(f"Failed to update ingestion status: {str(e)}") from e
RuntimeError: Failed to update ingestion status: update_ingestion() got an unexpected keyword argument 'ingestion_id'
2025-07-17 06:59:49,721 - __main__ - ERROR - PDF ingestion failed: Failed to update ingestion status: update_ingestion() got an unexpected keyword argument 'ingestion_id'
Traceback (most recent call last):
  File "/app/app/utils/ingestion_tracker.py", line 119, in update_status
    result = crud_ingestion.update_ingestion(
TypeError: update_ingestion() got an unexpected keyword argument 'ingestion_id'

The above exception was the direct cause of the following exception:

Traceback (most recent call last):
  File "/app/scripts/ingest_pdfs.py", line 116, in process_pdfs
    tracker.mark_in_progress(total_documents=len(chunks))
  File "/app/app/utils/ingestion_tracker.py", line 146, in mark_in_progress
    return self.update_status(
  File "/app/app/utils/ingestion_tracker.py", line 131, in update_status
    raise RuntimeError(f"Failed to update ingestion status: {str(e)}") from e
RuntimeError: Failed to update ingestion status: update_ingestion() got an unexpected keyword argument 'ingestion_id'

During handling of the above exception, another exception occurred:

Traceback (most recent call last):
  File "/app/app/utils/ingestion_tracker.py", line 119, in update_status
    result = crud_ingestion.update_ingestion(
TypeError: update_ingestion() got an unexpected keyword argument 'ingestion_id'

The above exception was the direct cause of the following exception:

Traceback (most recent call last):
  File "/app/scripts/ingest_pdfs.py", line 197, in main
    total_processed = process_pdfs(
  File "/app/scripts/ingest_pdfs.py", line 133, in process_pdfs
    tracker.mark_failed(error_message=error_msg)
  File "/app/app/utils/ingestion_tracker.py", line 201, in mark_failed
    return self.update_status(
  File "/app/app/utils/ingestion_tracker.py", line 131, in update_status
    raise RuntimeError(f"Failed to update ingestion status: {str(e)}") from e
RuntimeError: Failed to update ingestion status: update_ingestion() got an unexpected keyword argument 'ingestion_id'
2025-07-17 07:05:10,706 - __main__ - INFO - Starting PDF ingestion from /app/data/pdfs
2025-07-17 07:05:10,706 - __main__ - INFO - Using collection: documents
2025-07-17 07:05:10,707 - __main__ - INFO - Chunk size: 1000, Overlap: 200, Batch size: 32
2025-07-17 07:05:10,753 - httpx - INFO - HTTP Request: GET http://qdrant:6333 "HTTP/1.1 200 OK"
2025-07-17 07:05:10,753 - sentence_transformers.SentenceTransformer - INFO - Load pretrained SentenceTransformer: all-MiniLM-L6-v2
2025-07-17 07:05:25,808 - sentence_transformers.SentenceTransformer - INFO - Use pytorch device_name: cpu
2025-07-17 07:05:25,812 - httpx - INFO - HTTP Request: GET http://qdrant:6333/collections "HTTP/1.1 200 OK"
2025-07-17 07:05:25,878 - httpx - INFO - HTTP Request: PUT http://qdrant:6333/collections/documents "HTTP/1.1 200 OK"
2025-07-17 07:05:25,878 - app.core.vector_store - INFO - Created collection: documents
2025-07-17 07:05:25,879 - __main__ - INFO - Processing Zhang et al. - 2024 - Benchmarking the Text-to-SQL Capability of Large L.pdf
2025-07-17 07:05:25,887 - scripts.pdf_processor - INFO - Processing PDF: Zhang et al. - 2024 - Benchmarking the Text-to-SQL Capability of Large L.pdf
2025-07-17 07:05:26,566 - scripts.pdf_processor - INFO - Processed 97 chunks from Zhang et al. - 2024 - Benchmarking the Text-to-SQL Capability of Large L.pdf
2025-07-17 07:05:26,566 - __main__ - ERROR - Error processing Zhang et al. - 2024 - Benchmarking the Text-to-SQL Capability of Large L.pdf: Failed to update ingestion status: update_ingestion() got an unexpected keyword argument 'ingestion_id'
Traceback (most recent call last):
  File "/app/app/utils/ingestion_tracker.py", line 119, in update_status
    result = crud_ingestion.update_ingestion(
TypeError: update_ingestion() got an unexpected keyword argument 'ingestion_id'

The above exception was the direct cause of the following exception:

Traceback (most recent call last):
  File "/app/scripts/ingest_pdfs.py", line 116, in process_pdfs
    tracker.mark_in_progress(total_documents=len(chunks))
  File "/app/app/utils/ingestion_tracker.py", line 146, in mark_in_progress
    return self.update_status(
  File "/app/app/utils/ingestion_tracker.py", line 131, in update_status
    raise RuntimeError(f"Failed to update ingestion status: {str(e)}") from e
RuntimeError: Failed to update ingestion status: update_ingestion() got an unexpected keyword argument 'ingestion_id'
2025-07-17 07:05:26,567 - __main__ - ERROR - Fatal error during PDF ingestion: Failed to update ingestion status: update_ingestion() got an unexpected keyword argument 'ingestion_id'
Traceback (most recent call last):
  File "/app/app/utils/ingestion_tracker.py", line 119, in update_status
    result = crud_ingestion.update_ingestion(
TypeError: update_ingestion() got an unexpected keyword argument 'ingestion_id'

The above exception was the direct cause of the following exception:

Traceback (most recent call last):
  File "/app/scripts/ingest_pdfs.py", line 116, in process_pdfs
    tracker.mark_in_progress(total_documents=len(chunks))
  File "/app/app/utils/ingestion_tracker.py", line 146, in mark_in_progress
    return self.update_status(
  File "/app/app/utils/ingestion_tracker.py", line 131, in update_status
    raise RuntimeError(f"Failed to update ingestion status: {str(e)}") from e
RuntimeError: Failed to update ingestion status: update_ingestion() got an unexpected keyword argument 'ingestion_id'

During handling of the above exception, another exception occurred:

Traceback (most recent call last):
  File "/app/app/utils/ingestion_tracker.py", line 119, in update_status
    result = crud_ingestion.update_ingestion(
TypeError: update_ingestion() got an unexpected keyword argument 'ingestion_id'

The above exception was the direct cause of the following exception:

Traceback (most recent call last):
  File "/app/scripts/ingest_pdfs.py", line 133, in process_pdfs
    tracker.mark_failed(error_message=error_msg)
  File "/app/app/utils/ingestion_tracker.py", line 201, in mark_failed
    return self.update_status(
  File "/app/app/utils/ingestion_tracker.py", line 131, in update_status
    raise RuntimeError(f"Failed to update ingestion status: {str(e)}") from e
RuntimeError: Failed to update ingestion status: update_ingestion() got an unexpected keyword argument 'ingestion_id'
2025-07-17 07:05:26,567 - __main__ - ERROR - PDF ingestion failed: Failed to update ingestion status: update_ingestion() got an unexpected keyword argument 'ingestion_id'
Traceback (most recent call last):
  File "/app/app/utils/ingestion_tracker.py", line 119, in update_status
    result = crud_ingestion.update_ingestion(
TypeError: update_ingestion() got an unexpected keyword argument 'ingestion_id'

The above exception was the direct cause of the following exception:

Traceback (most recent call last):
  File "/app/scripts/ingest_pdfs.py", line 116, in process_pdfs
    tracker.mark_in_progress(total_documents=len(chunks))
  File "/app/app/utils/ingestion_tracker.py", line 146, in mark_in_progress
    return self.update_status(
  File "/app/app/utils/ingestion_tracker.py", line 131, in update_status
    raise RuntimeError(f"Failed to update ingestion status: {str(e)}") from e
RuntimeError: Failed to update ingestion status: update_ingestion() got an unexpected keyword argument 'ingestion_id'

During handling of the above exception, another exception occurred:

Traceback (most recent call last):
  File "/app/app/utils/ingestion_tracker.py", line 119, in update_status
    result = crud_ingestion.update_ingestion(
TypeError: update_ingestion() got an unexpected keyword argument 'ingestion_id'

The above exception was the direct cause of the following exception:

Traceback (most recent call last):
  File "/app/scripts/ingest_pdfs.py", line 197, in main
    total_processed = process_pdfs(
  File "/app/scripts/ingest_pdfs.py", line 133, in process_pdfs
    tracker.mark_failed(error_message=error_msg)
  File "/app/app/utils/ingestion_tracker.py", line 201, in mark_failed
    return self.update_status(
  File "/app/app/utils/ingestion_tracker.py", line 131, in update_status
    raise RuntimeError(f"Failed to update ingestion status: {str(e)}") from e
RuntimeError: Failed to update ingestion status: update_ingestion() got an unexpected keyword argument 'ingestion_id'
2025-07-17 07:07:27,136 - __main__ - INFO - Starting PDF ingestion from /app/data/pdfs
2025-07-17 07:07:27,136 - __main__ - INFO - Using collection: documents
2025-07-17 07:07:27,136 - __main__ - INFO - Chunk size: 1000, Overlap: 200, Batch size: 32
2025-07-17 07:07:27,179 - httpx - INFO - HTTP Request: GET http://qdrant:6333 "HTTP/1.1 200 OK"
2025-07-17 07:07:27,179 - sentence_transformers.SentenceTransformer - INFO - Load pretrained SentenceTransformer: all-MiniLM-L6-v2
2025-07-17 07:07:45,642 - sentence_transformers.SentenceTransformer - INFO - Use pytorch device_name: cpu
2025-07-17 07:07:45,646 - httpx - INFO - HTTP Request: GET http://qdrant:6333/collections "HTTP/1.1 200 OK"
2025-07-17 07:07:45,690 - httpx - INFO - HTTP Request: PUT http://qdrant:6333/collections/documents "HTTP/1.1 200 OK"
2025-07-17 07:07:45,691 - app.core.vector_store - INFO - Created collection: documents
2025-07-17 07:07:45,691 - __main__ - INFO - Processing Zhang et al. - 2024 - Benchmarking the Text-to-SQL Capability of Large L.pdf
2025-07-17 07:07:45,701 - scripts.pdf_processor - INFO - Processing PDF: Zhang et al. - 2024 - Benchmarking the Text-to-SQL Capability of Large L.pdf
2025-07-17 07:07:46,458 - scripts.pdf_processor - INFO - Processed 97 chunks from Zhang et al. - 2024 - Benchmarking the Text-to-SQL Capability of Large L.pdf
2025-07-17 07:07:46,458 - __main__ - ERROR - Error processing Zhang et al. - 2024 - Benchmarking the Text-to-SQL Capability of Large L.pdf: Failed to update ingestion status: update_ingestion() got an unexpected keyword argument 'ingestion_id'
Traceback (most recent call last):
  File "/app/app/utils/ingestion_tracker.py", line 119, in update_status
    result = crud_ingestion.update_ingestion(
TypeError: update_ingestion() got an unexpected keyword argument 'ingestion_id'

The above exception was the direct cause of the following exception:

Traceback (most recent call last):
  File "/app/scripts/ingest_pdfs.py", line 116, in process_pdfs
    tracker.mark_in_progress(total_documents=len(chunks))
  File "/app/app/utils/ingestion_tracker.py", line 146, in mark_in_progress
    return self.update_status(
  File "/app/app/utils/ingestion_tracker.py", line 131, in update_status
    raise RuntimeError(f"Failed to update ingestion status: {str(e)}") from e
RuntimeError: Failed to update ingestion status: update_ingestion() got an unexpected keyword argument 'ingestion_id'
2025-07-17 07:07:46,459 - __main__ - ERROR - Fatal error during PDF ingestion: Failed to update ingestion status: update_ingestion() got an unexpected keyword argument 'ingestion_id'
Traceback (most recent call last):
  File "/app/app/utils/ingestion_tracker.py", line 119, in update_status
    result = crud_ingestion.update_ingestion(
TypeError: update_ingestion() got an unexpected keyword argument 'ingestion_id'

The above exception was the direct cause of the following exception:

Traceback (most recent call last):
  File "/app/scripts/ingest_pdfs.py", line 116, in process_pdfs
    tracker.mark_in_progress(total_documents=len(chunks))
  File "/app/app/utils/ingestion_tracker.py", line 146, in mark_in_progress
    return self.update_status(
  File "/app/app/utils/ingestion_tracker.py", line 131, in update_status
    raise RuntimeError(f"Failed to update ingestion status: {str(e)}") from e
RuntimeError: Failed to update ingestion status: update_ingestion() got an unexpected keyword argument 'ingestion_id'

During handling of the above exception, another exception occurred:

Traceback (most recent call last):
  File "/app/app/utils/ingestion_tracker.py", line 119, in update_status
    result = crud_ingestion.update_ingestion(
TypeError: update_ingestion() got an unexpected keyword argument 'ingestion_id'

The above exception was the direct cause of the following exception:

Traceback (most recent call last):
  File "/app/scripts/ingest_pdfs.py", line 133, in process_pdfs
    tracker.mark_failed(error_message=error_msg)
  File "/app/app/utils/ingestion_tracker.py", line 201, in mark_failed
    return self.update_status(
  File "/app/app/utils/ingestion_tracker.py", line 131, in update_status
    raise RuntimeError(f"Failed to update ingestion status: {str(e)}") from e
RuntimeError: Failed to update ingestion status: update_ingestion() got an unexpected keyword argument 'ingestion_id'
2025-07-17 07:07:46,459 - __main__ - ERROR - PDF ingestion failed: Failed to update ingestion status: update_ingestion() got an unexpected keyword argument 'ingestion_id'
Traceback (most recent call last):
  File "/app/app/utils/ingestion_tracker.py", line 119, in update_status
    result = crud_ingestion.update_ingestion(
TypeError: update_ingestion() got an unexpected keyword argument 'ingestion_id'

The above exception was the direct cause of the following exception:

Traceback (most recent call last):
  File "/app/scripts/ingest_pdfs.py", line 116, in process_pdfs
    tracker.mark_in_progress(total_documents=len(chunks))
  File "/app/app/utils/ingestion_tracker.py", line 146, in mark_in_progress
    return self.update_status(
  File "/app/app/utils/ingestion_tracker.py", line 131, in update_status
    raise RuntimeError(f"Failed to update ingestion status: {str(e)}") from e
RuntimeError: Failed to update ingestion status: update_ingestion() got an unexpected keyword argument 'ingestion_id'

During handling of the above exception, another exception occurred:

Traceback (most recent call last):
  File "/app/app/utils/ingestion_tracker.py", line 119, in update_status
    result = crud_ingestion.update_ingestion(
TypeError: update_ingestion() got an unexpected keyword argument 'ingestion_id'

The above exception was the direct cause of the following exception:

Traceback (most recent call last):
  File "/app/scripts/ingest_pdfs.py", line 197, in main
    total_processed = process_pdfs(
  File "/app/scripts/ingest_pdfs.py", line 133, in process_pdfs
    tracker.mark_failed(error_message=error_msg)
  File "/app/app/utils/ingestion_tracker.py", line 201, in mark_failed
    return self.update_status(
  File "/app/app/utils/ingestion_tracker.py", line 131, in update_status
    raise RuntimeError(f"Failed to update ingestion status: {str(e)}") from e
RuntimeError: Failed to update ingestion status: update_ingestion() got an unexpected keyword argument 'ingestion_id'
2025-07-17 07:09:28,298 - __main__ - INFO - Starting PDF ingestion from /app/data/pdfs
2025-07-17 07:09:28,299 - __main__ - INFO - Using collection: documents
2025-07-17 07:09:28,299 - __main__ - INFO - Chunk size: 1000, Overlap: 200, Batch size: 32
2025-07-17 07:09:28,344 - httpx - INFO - HTTP Request: GET http://qdrant:6333 "HTTP/1.1 200 OK"
2025-07-17 07:09:28,344 - sentence_transformers.SentenceTransformer - INFO - Load pretrained SentenceTransformer: all-MiniLM-L6-v2
2025-07-17 07:09:45,122 - sentence_transformers.SentenceTransformer - INFO - Use pytorch device_name: cpu
2025-07-17 07:09:45,124 - httpx - INFO - HTTP Request: GET http://qdrant:6333/collections "HTTP/1.1 200 OK"
2025-07-17 07:09:45,125 - __main__ - INFO - Processing Zhang et al. - 2024 - Benchmarking the Text-to-SQL Capability of Large L.pdf
2025-07-17 07:09:45,135 - scripts.pdf_processor - INFO - Processing PDF: Zhang et al. - 2024 - Benchmarking the Text-to-SQL Capability of Large L.pdf
2025-07-17 07:09:45,857 - scripts.pdf_processor - INFO - Processed 97 chunks from Zhang et al. - 2024 - Benchmarking the Text-to-SQL Capability of Large L.pdf
2025-07-17 07:09:46,699 - __main__ - ERROR - Error processing Zhang et al. - 2024 - Benchmarking the Text-to-SQL Capability of Large L.pdf: 'metadata'
Traceback (most recent call last):
  File "/app/scripts/ingest_pdfs.py", line 121, in process_pdfs
    vector_store.store_documents(batch)
  File "/app/app/core/vector_store.py", line 73, in store_documents
    **doc['metadata']
KeyError: 'metadata'
2025-07-17 07:09:46,705 - __main__ - ERROR - Fatal error during PDF ingestion: 'metadata'
Traceback (most recent call last):
  File "/app/scripts/ingest_pdfs.py", line 121, in process_pdfs
    vector_store.store_documents(batch)
  File "/app/app/core/vector_store.py", line 73, in store_documents
    **doc['metadata']
KeyError: 'metadata'
2025-07-17 07:09:46,705 - __main__ - ERROR - PDF ingestion failed: 'metadata'
Traceback (most recent call last):
  File "/app/scripts/ingest_pdfs.py", line 197, in main
    total_processed = process_pdfs(
  File "/app/scripts/ingest_pdfs.py", line 121, in process_pdfs
    vector_store.store_documents(batch)
  File "/app/app/core/vector_store.py", line 73, in store_documents
    **doc['metadata']
KeyError: 'metadata'
2025-07-17 07:11:31,422 - __main__ - INFO - Starting PDF ingestion from /app/data/pdfs
2025-07-17 07:11:31,422 - __main__ - INFO - Using collection: documents
2025-07-17 07:11:31,422 - __main__ - INFO - Chunk size: 1000, Overlap: 200, Batch size: 32
2025-07-17 07:11:31,469 - httpx - INFO - HTTP Request: GET http://qdrant:6333 "HTTP/1.1 200 OK"
2025-07-17 07:11:31,470 - sentence_transformers.SentenceTransformer - INFO - Load pretrained SentenceTransformer: all-MiniLM-L6-v2
2025-07-17 07:11:48,893 - sentence_transformers.SentenceTransformer - INFO - Use pytorch device_name: cpu
2025-07-17 07:11:48,899 - httpx - INFO - HTTP Request: GET http://qdrant:6333/collections "HTTP/1.1 200 OK"
2025-07-17 07:11:48,902 - __main__ - INFO - Processing Zhang et al. - 2024 - Benchmarking the Text-to-SQL Capability of Large L.pdf
2025-07-17 07:11:48,914 - scripts.pdf_processor - INFO - Processing PDF: Zhang et al. - 2024 - Benchmarking the Text-to-SQL Capability of Large L.pdf
2025-07-17 07:11:49,613 - scripts.pdf_processor - INFO - Processed 97 chunks from Zhang et al. - 2024 - Benchmarking the Text-to-SQL Capability of Large L.pdf
2025-07-17 07:11:50,239 - httpx - INFO - HTTP Request: PUT http://qdrant:6333/collections/documents/points?wait=true "HTTP/1.1 200 OK"
2025-07-17 07:11:50,850 - httpx - INFO - HTTP Request: PUT http://qdrant:6333/collections/documents/points?wait=true "HTTP/1.1 200 OK"
2025-07-17 07:11:51,426 - httpx - INFO - HTTP Request: PUT http://qdrant:6333/collections/documents/points?wait=true "HTTP/1.1 200 OK"
2025-07-17 07:11:51,450 - httpx - INFO - HTTP Request: PUT http://qdrant:6333/collections/documents/points?wait=true "HTTP/1.1 200 OK"
2025-07-17 07:11:51,456 - __main__ - INFO - Processing Rajkumar et al. - 2022 - Evaluating the Text-to-SQL Capabilities of Large L.pdf
2025-07-17 07:11:51,457 - scripts.pdf_processor - INFO - Processing PDF: Rajkumar et al. - 2022 - Evaluating the Text-to-SQL Capabilities of Large L.pdf
2025-07-17 07:11:51,661 - scripts.pdf_processor - INFO - Processed 45 chunks from Rajkumar et al. - 2022 - Evaluating the Text-to-SQL Capabilities of Large L.pdf
2025-07-17 07:11:52,283 - httpx - INFO - HTTP Request: PUT http://qdrant:6333/collections/documents/points?wait=true "HTTP/1.1 200 OK"
2025-07-17 07:11:52,532 - httpx - INFO - HTTP Request: PUT http://qdrant:6333/collections/documents/points?wait=true "HTTP/1.1 200 OK"
2025-07-17 07:11:52,538 - __main__ - INFO - Processing Chang and Fosler-Lussier - 2023 - How to Prompt LLMs for Text-to-SQL A Study in Zer.pdf
2025-07-17 07:11:52,539 - scripts.pdf_processor - INFO - Processing PDF: Chang and Fosler-Lussier - 2023 - How to Prompt LLMs for Text-to-SQL A Study in Zer.pdf
2025-07-17 07:11:53,062 - scripts.pdf_processor - INFO - Processed 69 chunks from Chang and Fosler-Lussier - 2023 - How to Prompt LLMs for Text-to-SQL A Study in Zer.pdf
2025-07-17 07:11:53,625 - httpx - INFO - HTTP Request: PUT http://qdrant:6333/collections/documents/points?wait=true "HTTP/1.1 200 OK"
2025-07-17 07:11:54,218 - httpx - INFO - HTTP Request: PUT http://qdrant:6333/collections/documents/points?wait=true "HTTP/1.1 200 OK"
2025-07-17 07:11:54,320 - httpx - INFO - HTTP Request: PUT http://qdrant:6333/collections/documents/points?wait=true "HTTP/1.1 200 OK"
2025-07-17 07:11:54,325 - __main__ - INFO - Processing Katsogiannis-Meimarakis and Koutrika - 2023 - A survey on deep learning approaches for text-to-S.pdf
2025-07-17 07:11:54,327 - scripts.pdf_processor - INFO - Processing PDF: Katsogiannis-Meimarakis and Koutrika - 2023 - A survey on deep learning approaches for text-to-S.pdf
2025-07-17 07:11:56,171 - scripts.pdf_processor - INFO - Processed 203 chunks from Katsogiannis-Meimarakis and Koutrika - 2023 - A survey on deep learning approaches for text-to-S.pdf
2025-07-17 07:11:56,738 - httpx - INFO - HTTP Request: PUT http://qdrant:6333/collections/documents/points?wait=true "HTTP/1.1 200 OK"
2025-07-17 07:11:57,290 - httpx - INFO - HTTP Request: PUT http://qdrant:6333/collections/documents/points?wait=true "HTTP/1.1 200 OK"
2025-07-17 07:11:57,834 - httpx - INFO - HTTP Request: PUT http://qdrant:6333/collections/documents/points?wait=true "HTTP/1.1 200 OK"
2025-07-17 07:11:58,360 - httpx - INFO - HTTP Request: PUT http://qdrant:6333/collections/documents/points?wait=true "HTTP/1.1 200 OK"
2025-07-17 07:11:58,957 - httpx - INFO - HTTP Request: PUT http://qdrant:6333/collections/documents/points?wait=true "HTTP/1.1 200 OK"
2025-07-17 07:11:59,508 - httpx - INFO - HTTP Request: PUT http://qdrant:6333/collections/documents/points?wait=true "HTTP/1.1 200 OK"
2025-07-17 07:11:59,714 - httpx - INFO - HTTP Request: PUT http://qdrant:6333/collections/documents/points?wait=true "HTTP/1.1 200 OK"
2025-07-17 07:11:59,720 - __main__ - INFO - Successfully processed 414 chunks from /app/data/pdfs
2025-07-17 07:11:59,723 - __main__ - INFO - Successfully processed 414 chunks in 28.30 seconds
2025-07-17 07:17:56,002 - __main__ - INFO - Starting PDF ingestion from /app/data/pdfs
2025-07-17 07:17:56,003 - __main__ - INFO - Using collection: documents
2025-07-17 07:17:56,003 - __main__ - INFO - Chunk size: 1000, Overlap: 200, Batch size: 32
2025-07-17 07:17:56,051 - httpx - INFO - HTTP Request: GET http://qdrant:6333 "HTTP/1.1 200 OK"
2025-07-17 07:17:56,052 - sentence_transformers.SentenceTransformer - INFO - Load pretrained SentenceTransformer: all-MiniLM-L6-v2
2025-07-17 07:18:12,527 - sentence_transformers.SentenceTransformer - INFO - Use pytorch device_name: cpu
2025-07-17 07:18:12,529 - httpx - INFO - HTTP Request: GET http://qdrant:6333/collections "HTTP/1.1 200 OK"
2025-07-17 07:18:12,577 - httpx - INFO - HTTP Request: PUT http://qdrant:6333/collections/documents "HTTP/1.1 200 OK"
2025-07-17 07:18:12,578 - app.core.vector_store - INFO - Created collection: documents
2025-07-17 07:18:12,578 - __main__ - INFO - Processing Zhang et al. - 2024 - Benchmarking the Text-to-SQL Capability of Large L.pdf
2025-07-17 07:18:12,586 - scripts.pdf_processor - INFO - Processing PDF: Zhang et al. - 2024 - Benchmarking the Text-to-SQL Capability of Large L.pdf
2025-07-17 07:18:13,273 - scripts.pdf_processor - INFO - Processed 97 chunks from Zhang et al. - 2024 - Benchmarking the Text-to-SQL Capability of Large L.pdf
2025-07-17 07:18:13,870 - httpx - INFO - HTTP Request: PUT http://qdrant:6333/collections/documents/points?wait=true "HTTP/1.1 200 OK"
2025-07-17 07:18:14,448 - httpx - INFO - HTTP Request: PUT http://qdrant:6333/collections/documents/points?wait=true "HTTP/1.1 200 OK"
2025-07-17 07:18:15,035 - httpx - INFO - HTTP Request: PUT http://qdrant:6333/collections/documents/points?wait=true "HTTP/1.1 200 OK"
2025-07-17 07:18:15,054 - httpx - INFO - HTTP Request: PUT http://qdrant:6333/collections/documents/points?wait=true "HTTP/1.1 200 OK"
2025-07-17 07:18:15,061 - __main__ - INFO - Processing Rajkumar et al. - 2022 - Evaluating the Text-to-SQL Capabilities of Large L.pdf
2025-07-17 07:18:15,069 - scripts.pdf_processor - INFO - Processing PDF: Rajkumar et al. - 2022 - Evaluating the Text-to-SQL Capabilities of Large L.pdf
2025-07-17 07:18:15,267 - scripts.pdf_processor - INFO - Processed 45 chunks from Rajkumar et al. - 2022 - Evaluating the Text-to-SQL Capabilities of Large L.pdf
2025-07-17 07:18:15,802 - httpx - INFO - HTTP Request: PUT http://qdrant:6333/collections/documents/points?wait=true "HTTP/1.1 200 OK"
2025-07-17 07:18:16,052 - httpx - INFO - HTTP Request: PUT http://qdrant:6333/collections/documents/points?wait=true "HTTP/1.1 200 OK"
2025-07-17 07:18:16,057 - __main__ - INFO - Processing Chang and Fosler-Lussier - 2023 - How to Prompt LLMs for Text-to-SQL A Study in Zer.pdf
2025-07-17 07:18:16,059 - scripts.pdf_processor - INFO - Processing PDF: Chang and Fosler-Lussier - 2023 - How to Prompt LLMs for Text-to-SQL A Study in Zer.pdf
2025-07-17 07:18:16,578 - scripts.pdf_processor - INFO - Processed 69 chunks from Chang and Fosler-Lussier - 2023 - How to Prompt LLMs for Text-to-SQL A Study in Zer.pdf
2025-07-17 07:18:17,147 - httpx - INFO - HTTP Request: PUT http://qdrant:6333/collections/documents/points?wait=true "HTTP/1.1 200 OK"
2025-07-17 07:18:17,748 - httpx - INFO - HTTP Request: PUT http://qdrant:6333/collections/documents/points?wait=true "HTTP/1.1 200 OK"
2025-07-17 07:18:17,870 - httpx - INFO - HTTP Request: PUT http://qdrant:6333/collections/documents/points?wait=true "HTTP/1.1 200 OK"
2025-07-17 07:18:17,878 - __main__ - INFO - Processing Katsogiannis-Meimarakis and Koutrika - 2023 - A survey on deep learning approaches for text-to-S.pdf
2025-07-17 07:18:17,883 - scripts.pdf_processor - INFO - Processing PDF: Katsogiannis-Meimarakis and Koutrika - 2023 - A survey on deep learning approaches for text-to-S.pdf
2025-07-17 07:18:19,705 - scripts.pdf_processor - INFO - Processed 203 chunks from Katsogiannis-Meimarakis and Koutrika - 2023 - A survey on deep learning approaches for text-to-S.pdf
2025-07-17 07:18:20,276 - httpx - INFO - HTTP Request: PUT http://qdrant:6333/collections/documents/points?wait=true "HTTP/1.1 200 OK"
2025-07-17 07:18:20,872 - httpx - INFO - HTTP Request: PUT http://qdrant:6333/collections/documents/points?wait=true "HTTP/1.1 200 OK"
2025-07-17 07:18:21,435 - httpx - INFO - HTTP Request: PUT http://qdrant:6333/collections/documents/points?wait=true "HTTP/1.1 200 OK"
2025-07-17 07:18:21,971 - httpx - INFO - HTTP Request: PUT http://qdrant:6333/collections/documents/points?wait=true "HTTP/1.1 200 OK"
2025-07-17 07:18:22,556 - httpx - INFO - HTTP Request: PUT http://qdrant:6333/collections/documents/points?wait=true "HTTP/1.1 200 OK"
2025-07-17 07:18:23,132 - httpx - INFO - HTTP Request: PUT http://qdrant:6333/collections/documents/points?wait=true "HTTP/1.1 200 OK"
2025-07-17 07:18:23,342 - httpx - INFO - HTTP Request: PUT http://qdrant:6333/collections/documents/points?wait=true "HTTP/1.1 200 OK"
2025-07-17 07:18:23,347 - __main__ - INFO - Successfully processed 414 chunks from /app/data/pdfs
2025-07-17 07:18:23,350 - __main__ - INFO - Successfully processed 414 chunks in 27.34 seconds
2025-07-17 07:33:13,070 - __main__ - INFO - Starting PDF ingestion from /app/data/pdfs
2025-07-17 07:33:13,071 - __main__ - INFO - Using collection: documents
2025-07-17 07:33:13,071 - __main__ - INFO - Chunk size: 1000, Overlap: 200, Batch size: 32
2025-07-17 07:33:13,119 - httpx - INFO - HTTP Request: GET http://qdrant:6333 "HTTP/1.1 200 OK"
2025-07-17 07:33:13,119 - sentence_transformers.SentenceTransformer - INFO - Load pretrained SentenceTransformer: all-MiniLM-L6-v2
2025-07-17 07:33:30,615 - sentence_transformers.SentenceTransformer - INFO - Use pytorch device_name: cpu
2025-07-17 07:33:30,620 - httpx - INFO - HTTP Request: GET http://qdrant:6333/collections "HTTP/1.1 200 OK"
2025-07-17 07:33:30,670 - httpx - INFO - HTTP Request: PUT http://qdrant:6333/collections/documents "HTTP/1.1 200 OK"
2025-07-17 07:33:30,670 - app.core.vector_store - INFO - Created collection: documents
2025-07-17 07:33:30,671 - __main__ - INFO - Processing Zhang et al. - 2024 - Benchmarking the Text-to-SQL Capability of Large L.pdf
2025-07-17 07:33:30,678 - scripts.pdf_processor - INFO - Processing PDF: Zhang et al. - 2024 - Benchmarking the Text-to-SQL Capability of Large L.pdf
2025-07-17 07:33:31,347 - scripts.pdf_processor - INFO - Processed 97 chunks from Zhang et al. - 2024 - Benchmarking the Text-to-SQL Capability of Large L.pdf
2025-07-17 07:33:32,292 - httpx - INFO - HTTP Request: PUT http://qdrant:6333/collections/documents/points?wait=true "HTTP/1.1 200 OK"
2025-07-17 07:33:32,939 - httpx - INFO - HTTP Request: PUT http://qdrant:6333/collections/documents/points?wait=true "HTTP/1.1 200 OK"
2025-07-17 07:33:34,133 - httpx - INFO - HTTP Request: PUT http://qdrant:6333/collections/documents/points?wait=true "HTTP/1.1 200 OK"
2025-07-17 07:33:34,222 - httpx - INFO - HTTP Request: PUT http://qdrant:6333/collections/documents/points?wait=true "HTTP/1.1 200 OK"
2025-07-17 07:33:34,235 - __main__ - INFO - Processing Rajkumar et al. - 2022 - Evaluating the Text-to-SQL Capabilities of Large L.pdf
2025-07-17 07:33:34,241 - scripts.pdf_processor - INFO - Processing PDF: Rajkumar et al. - 2022 - Evaluating the Text-to-SQL Capabilities of Large L.pdf
2025-07-17 07:33:34,474 - scripts.pdf_processor - INFO - Processed 45 chunks from Rajkumar et al. - 2022 - Evaluating the Text-to-SQL Capabilities of Large L.pdf
2025-07-17 07:33:35,760 - httpx - INFO - HTTP Request: PUT http://qdrant:6333/collections/documents/points?wait=true "HTTP/1.1 200 OK"
2025-07-17 07:33:36,006 - httpx - INFO - HTTP Request: PUT http://qdrant:6333/collections/documents/points?wait=true "HTTP/1.1 200 OK"
2025-07-17 07:33:36,013 - __main__ - INFO - Processing Chang and Fosler-Lussier - 2023 - How to Prompt LLMs for Text-to-SQL A Study in Zer.pdf
2025-07-17 07:33:36,015 - scripts.pdf_processor - INFO - Processing PDF: Chang and Fosler-Lussier - 2023 - How to Prompt LLMs for Text-to-SQL A Study in Zer.pdf
2025-07-17 07:33:36,640 - scripts.pdf_processor - INFO - Processed 69 chunks from Chang and Fosler-Lussier - 2023 - How to Prompt LLMs for Text-to-SQL A Study in Zer.pdf
2025-07-17 07:33:37,474 - httpx - INFO - HTTP Request: PUT http://qdrant:6333/collections/documents/points?wait=true "HTTP/1.1 200 OK"
2025-07-17 07:33:38,022 - httpx - INFO - HTTP Request: PUT http://qdrant:6333/collections/documents/points?wait=true "HTTP/1.1 200 OK"
2025-07-17 07:33:38,112 - httpx - INFO - HTTP Request: PUT http://qdrant:6333/collections/documents/points?wait=true "HTTP/1.1 200 OK"
2025-07-17 07:33:38,116 - __main__ - INFO - Processing Katsogiannis-Meimarakis and Koutrika - 2023 - A survey on deep learning approaches for text-to-S.pdf
2025-07-17 07:33:38,118 - scripts.pdf_processor - INFO - Processing PDF: Katsogiannis-Meimarakis and Koutrika - 2023 - A survey on deep learning approaches for text-to-S.pdf
2025-07-17 07:33:39,912 - scripts.pdf_processor - INFO - Processed 203 chunks from Katsogiannis-Meimarakis and Koutrika - 2023 - A survey on deep learning approaches for text-to-S.pdf
2025-07-17 07:33:40,630 - httpx - INFO - HTTP Request: PUT http://qdrant:6333/collections/documents/points?wait=true "HTTP/1.1 200 OK"
2025-07-17 07:33:41,226 - httpx - INFO - HTTP Request: PUT http://qdrant:6333/collections/documents/points?wait=true "HTTP/1.1 200 OK"
2025-07-17 07:33:41,783 - httpx - INFO - HTTP Request: PUT http://qdrant:6333/collections/documents/points?wait=true "HTTP/1.1 200 OK"
2025-07-17 07:33:42,328 - httpx - INFO - HTTP Request: PUT http://qdrant:6333/collections/documents/points?wait=true "HTTP/1.1 200 OK"
2025-07-17 07:33:42,939 - httpx - INFO - HTTP Request: PUT http://qdrant:6333/collections/documents/points?wait=true "HTTP/1.1 200 OK"
2025-07-17 07:33:43,501 - httpx - INFO - HTTP Request: PUT http://qdrant:6333/collections/documents/points?wait=true "HTTP/1.1 200 OK"
2025-07-17 07:33:43,675 - httpx - INFO - HTTP Request: PUT http://qdrant:6333/collections/documents/points?wait=true "HTTP/1.1 200 OK"
2025-07-17 07:33:43,680 - __main__ - INFO - Successfully processed 414 chunks from /app/data/pdfs
2025-07-17 07:33:43,683 - __main__ - INFO - Successfully processed 414 chunks in 30.61 seconds
2025-07-17 11:23:37,382 - __main__ - INFO - Starting PDF ingestion from /app/data/pdfs
2025-07-17 11:23:37,383 - __main__ - INFO - Using collection: documents
2025-07-17 11:23:37,383 - __main__ - INFO - Chunk size: 1000, Overlap: 200, Batch size: 32
2025-07-17 11:23:37,434 - httpx - INFO - HTTP Request: GET http://qdrant:6333 "HTTP/1.1 200 OK"
2025-07-17 11:23:37,434 - sentence_transformers.SentenceTransformer - INFO - Load pretrained SentenceTransformer: all-MiniLM-L6-v2
2025-07-17 11:24:41,180 - sentence_transformers.SentenceTransformer - INFO - Use pytorch device_name: cpu
2025-07-17 11:24:41,182 - httpx - INFO - HTTP Request: GET http://qdrant:6333/collections "HTTP/1.1 200 OK"
2025-07-17 11:24:41,233 - httpx - INFO - HTTP Request: PUT http://qdrant:6333/collections/documents "HTTP/1.1 200 OK"
2025-07-17 11:24:41,234 - app.core.vector_store - INFO - Created collection: documents
2025-07-17 11:24:41,234 - __main__ - INFO - Processing Zhang et al. - 2024 - Benchmarking the Text-to-SQL Capability of Large L.pdf
2025-07-17 11:24:41,241 - scripts.pdf_processor - INFO - Processing PDF: Zhang et al. - 2024 - Benchmarking the Text-to-SQL Capability of Large L.pdf
2025-07-17 11:24:41,972 - scripts.pdf_processor - INFO - Processed 97 chunks from Zhang et al. - 2024 - Benchmarking the Text-to-SQL Capability of Large L.pdf
2025-07-17 11:24:42,694 - httpx - INFO - HTTP Request: PUT http://qdrant:6333/collections/documents/points?wait=true "HTTP/1.1 200 OK"
2025-07-17 11:24:43,259 - httpx - INFO - HTTP Request: PUT http://qdrant:6333/collections/documents/points?wait=true "HTTP/1.1 200 OK"
2025-07-17 11:24:43,895 - httpx - INFO - HTTP Request: PUT http://qdrant:6333/collections/documents/points?wait=true "HTTP/1.1 200 OK"
2025-07-17 11:24:43,913 - httpx - INFO - HTTP Request: PUT http://qdrant:6333/collections/documents/points?wait=true "HTTP/1.1 200 OK"
2025-07-17 11:24:43,918 - __main__ - INFO - Processing Rajkumar et al. - 2022 - Evaluating the Text-to-SQL Capabilities of Large L.pdf
2025-07-17 11:24:43,920 - scripts.pdf_processor - INFO - Processing PDF: Rajkumar et al. - 2022 - Evaluating the Text-to-SQL Capabilities of Large L.pdf
2025-07-17 11:24:44,125 - scripts.pdf_processor - INFO - Processed 45 chunks from Rajkumar et al. - 2022 - Evaluating the Text-to-SQL Capabilities of Large L.pdf
2025-07-17 11:24:44,719 - httpx - INFO - HTTP Request: PUT http://qdrant:6333/collections/documents/points?wait=true "HTTP/1.1 200 OK"
2025-07-17 11:24:44,964 - httpx - INFO - HTTP Request: PUT http://qdrant:6333/collections/documents/points?wait=true "HTTP/1.1 200 OK"
2025-07-17 11:24:44,969 - __main__ - INFO - Processing Chang and Fosler-Lussier - 2023 - How to Prompt LLMs for Text-to-SQL A Study in Zer.pdf
2025-07-17 11:24:44,971 - scripts.pdf_processor - INFO - Processing PDF: Chang and Fosler-Lussier - 2023 - How to Prompt LLMs for Text-to-SQL A Study in Zer.pdf
2025-07-17 11:24:45,545 - scripts.pdf_processor - INFO - Processed 69 chunks from Chang and Fosler-Lussier - 2023 - How to Prompt LLMs for Text-to-SQL A Study in Zer.pdf
2025-07-17 11:24:46,119 - httpx - INFO - HTTP Request: PUT http://qdrant:6333/collections/documents/points?wait=true "HTTP/1.1 200 OK"
2025-07-17 11:24:46,692 - httpx - INFO - HTTP Request: PUT http://qdrant:6333/collections/documents/points?wait=true "HTTP/1.1 200 OK"
2025-07-17 11:24:46,792 - httpx - INFO - HTTP Request: PUT http://qdrant:6333/collections/documents/points?wait=true "HTTP/1.1 200 OK"
2025-07-17 11:24:46,797 - __main__ - INFO - Processing Katsogiannis-Meimarakis and Koutrika - 2023 - A survey on deep learning approaches for text-to-S.pdf
2025-07-17 11:24:46,799 - scripts.pdf_processor - INFO - Processing PDF: Katsogiannis-Meimarakis and Koutrika - 2023 - A survey on deep learning approaches for text-to-S.pdf
2025-07-17 11:24:48,710 - scripts.pdf_processor - INFO - Processed 203 chunks from Katsogiannis-Meimarakis and Koutrika - 2023 - A survey on deep learning approaches for text-to-S.pdf
2025-07-17 11:24:49,289 - httpx - INFO - HTTP Request: PUT http://qdrant:6333/collections/documents/points?wait=true "HTTP/1.1 200 OK"
2025-07-17 11:24:49,885 - httpx - INFO - HTTP Request: PUT http://qdrant:6333/collections/documents/points?wait=true "HTTP/1.1 200 OK"
2025-07-17 11:24:50,464 - httpx - INFO - HTTP Request: PUT http://qdrant:6333/collections/documents/points?wait=true "HTTP/1.1 200 OK"
2025-07-17 11:24:51,028 - httpx - INFO - HTTP Request: PUT http://qdrant:6333/collections/documents/points?wait=true "HTTP/1.1 200 OK"
2025-07-17 11:24:51,721 - httpx - INFO - HTTP Request: PUT http://qdrant:6333/collections/documents/points?wait=true "HTTP/1.1 200 OK"
2025-07-17 11:24:52,519 - httpx - INFO - HTTP Request: PUT http://qdrant:6333/collections/documents/points?wait=true "HTTP/1.1 200 OK"
2025-07-17 11:24:52,803 - httpx - INFO - HTTP Request: PUT http://qdrant:6333/collections/documents/points?wait=true "HTTP/1.1 200 OK"
2025-07-17 11:24:52,809 - __main__ - INFO - Successfully processed 414 chunks from /app/data/pdfs
2025-07-17 11:24:52,813 - __main__ - INFO - Successfully processed 414 chunks in 75.43 seconds
2025-07-17 11:31:39,179 - __main__ - INFO - Starting PDF ingestion from /app/data/pdfs
2025-07-17 11:31:39,179 - __main__ - INFO - Using collection: documents
2025-07-17 11:31:39,179 - __main__ - INFO - Chunk size: 1000, Overlap: 200, Batch size: 32
2025-07-17 11:31:39,234 - httpx - INFO - HTTP Request: GET http://qdrant:6333 "HTTP/1.1 200 OK"
2025-07-17 11:31:39,235 - sentence_transformers.SentenceTransformer - INFO - Load pretrained SentenceTransformer: all-MiniLM-L6-v2
2025-07-17 11:32:40,170 - sentence_transformers.SentenceTransformer - INFO - Use pytorch device_name: cpu
2025-07-17 11:32:40,177 - httpx - INFO - HTTP Request: GET http://qdrant:6333/collections "HTTP/1.1 200 OK"
2025-07-17 11:32:40,178 - __main__ - INFO - Processing Zhang et al. - 2024 - Benchmarking the Text-to-SQL Capability of Large L.pdf
2025-07-17 11:32:40,188 - scripts.pdf_processor - INFO - Processing PDF: Zhang et al. - 2024 - Benchmarking the Text-to-SQL Capability of Large L.pdf
2025-07-17 11:32:40,920 - scripts.pdf_processor - INFO - Processed 97 chunks from Zhang et al. - 2024 - Benchmarking the Text-to-SQL Capability of Large L.pdf
2025-07-17 11:32:41,615 - httpx - INFO - HTTP Request: PUT http://qdrant:6333/collections/documents/points?wait=true "HTTP/1.1 200 OK"
2025-07-17 11:32:42,416 - httpx - INFO - HTTP Request: PUT http://qdrant:6333/collections/documents/points?wait=true "HTTP/1.1 200 OK"
2025-07-17 11:32:42,995 - httpx - INFO - HTTP Request: PUT http://qdrant:6333/collections/documents/points?wait=true "HTTP/1.1 200 OK"
2025-07-17 11:32:43,020 - httpx - INFO - HTTP Request: PUT http://qdrant:6333/collections/documents/points?wait=true "HTTP/1.1 200 OK"
2025-07-17 11:32:43,027 - __main__ - INFO - Processing Rajkumar et al. - 2022 - Evaluating the Text-to-SQL Capabilities of Large L.pdf
2025-07-17 11:32:43,030 - scripts.pdf_processor - INFO - Processing PDF: Rajkumar et al. - 2022 - Evaluating the Text-to-SQL Capabilities of Large L.pdf
2025-07-17 11:32:43,239 - scripts.pdf_processor - INFO - Processed 45 chunks from Rajkumar et al. - 2022 - Evaluating the Text-to-SQL Capabilities of Large L.pdf
2025-07-17 11:32:43,826 - httpx - INFO - HTTP Request: PUT http://qdrant:6333/collections/documents/points?wait=true "HTTP/1.1 200 OK"
2025-07-17 11:32:44,039 - httpx - INFO - HTTP Request: PUT http://qdrant:6333/collections/documents/points?wait=true "HTTP/1.1 200 OK"
2025-07-17 11:32:44,044 - __main__ - INFO - Processing Chang and Fosler-Lussier - 2023 - How to Prompt LLMs for Text-to-SQL A Study in Zer.pdf
2025-07-17 11:32:44,046 - scripts.pdf_processor - INFO - Processing PDF: Chang and Fosler-Lussier - 2023 - How to Prompt LLMs for Text-to-SQL A Study in Zer.pdf
2025-07-17 11:32:44,577 - scripts.pdf_processor - INFO - Processed 69 chunks from Chang and Fosler-Lussier - 2023 - How to Prompt LLMs for Text-to-SQL A Study in Zer.pdf
2025-07-17 11:32:45,120 - httpx - INFO - HTTP Request: PUT http://qdrant:6333/collections/documents/points?wait=true "HTTP/1.1 200 OK"
2025-07-17 11:32:45,710 - httpx - INFO - HTTP Request: PUT http://qdrant:6333/collections/documents/points?wait=true "HTTP/1.1 200 OK"
2025-07-17 11:32:45,804 - httpx - INFO - HTTP Request: PUT http://qdrant:6333/collections/documents/points?wait=true "HTTP/1.1 200 OK"
2025-07-17 11:32:45,809 - __main__ - INFO - Processing Katsogiannis-Meimarakis and Koutrika - 2023 - A survey on deep learning approaches for text-to-S.pdf
2025-07-17 11:32:45,811 - scripts.pdf_processor - INFO - Processing PDF: Katsogiannis-Meimarakis and Koutrika - 2023 - A survey on deep learning approaches for text-to-S.pdf
2025-07-17 11:32:47,654 - scripts.pdf_processor - INFO - Processed 203 chunks from Katsogiannis-Meimarakis and Koutrika - 2023 - A survey on deep learning approaches for text-to-S.pdf
2025-07-17 11:32:48,224 - httpx - INFO - HTTP Request: PUT http://qdrant:6333/collections/documents/points?wait=true "HTTP/1.1 200 OK"
2025-07-17 11:32:48,764 - httpx - INFO - HTTP Request: PUT http://qdrant:6333/collections/documents/points?wait=true "HTTP/1.1 200 OK"
2025-07-17 11:32:49,268 - httpx - INFO - HTTP Request: PUT http://qdrant:6333/collections/documents/points?wait=true "HTTP/1.1 200 OK"
2025-07-17 11:32:49,749 - httpx - INFO - HTTP Request: PUT http://qdrant:6333/collections/documents/points?wait=true "HTTP/1.1 200 OK"
2025-07-17 11:32:50,299 - httpx - INFO - HTTP Request: PUT http://qdrant:6333/collections/documents/points?wait=true "HTTP/1.1 200 OK"
2025-07-17 11:32:50,839 - httpx - INFO - HTTP Request: PUT http://qdrant:6333/collections/documents/points?wait=true "HTTP/1.1 200 OK"
2025-07-17 11:32:51,036 - httpx - INFO - HTTP Request: PUT http://qdrant:6333/collections/documents/points?wait=true "HTTP/1.1 200 OK"
2025-07-17 11:32:51,043 - __main__ - INFO - Successfully processed 414 chunks from /app/data/pdfs
2025-07-17 11:32:51,047 - __main__ - INFO - Successfully processed 414 chunks in 71.87 seconds
2025-07-17 11:35:54,972 - __main__ - INFO - Starting PDF ingestion from /app/data/pdfs
2025-07-17 11:35:54,973 - __main__ - INFO - Using collection: documents
2025-07-17 11:35:54,973 - __main__ - INFO - Chunk size: 1000, Overlap: 200, Batch size: 32
2025-07-17 11:35:55,015 - httpx - INFO - HTTP Request: GET http://qdrant:6333 "HTTP/1.1 200 OK"
2025-07-17 11:35:55,015 - sentence_transformers.SentenceTransformer - INFO - Load pretrained SentenceTransformer: all-MiniLM-L6-v2
2025-07-17 11:36:01,191 - sentence_transformers.SentenceTransformer - INFO - Use pytorch device_name: cpu
2025-07-17 11:36:01,196 - httpx - INFO - HTTP Request: GET http://qdrant:6333/collections "HTTP/1.1 200 OK"
2025-07-17 11:36:01,198 - __main__ - INFO - Processing Zhang et al. - 2024 - Benchmarking the Text-to-SQL Capability of Large L.pdf
2025-07-17 11:36:01,215 - scripts.pdf_processor - INFO - Processing PDF: Zhang et al. - 2024 - Benchmarking the Text-to-SQL Capability of Large L.pdf
2025-07-17 11:36:01,894 - scripts.pdf_processor - INFO - Processed 97 chunks from Zhang et al. - 2024 - Benchmarking the Text-to-SQL Capability of Large L.pdf
2025-07-17 11:36:02,539 - httpx - INFO - HTTP Request: PUT http://qdrant:6333/collections/documents/points?wait=true "HTTP/1.1 200 OK"
2025-07-17 11:36:03,145 - httpx - INFO - HTTP Request: PUT http://qdrant:6333/collections/documents/points?wait=true "HTTP/1.1 200 OK"
2025-07-17 11:36:03,668 - httpx - INFO - HTTP Request: PUT http://qdrant:6333/collections/documents/points?wait=true "HTTP/1.1 200 OK"
2025-07-17 11:36:03,707 - httpx - INFO - HTTP Request: PUT http://qdrant:6333/collections/documents/points?wait=true "HTTP/1.1 200 OK"
2025-07-17 11:36:03,713 - __main__ - INFO - Processing Rajkumar et al. - 2022 - Evaluating the Text-to-SQL Capabilities of Large L.pdf
2025-07-17 11:36:03,714 - scripts.pdf_processor - INFO - Processing PDF: Rajkumar et al. - 2022 - Evaluating the Text-to-SQL Capabilities of Large L.pdf
2025-07-17 11:36:03,917 - scripts.pdf_processor - INFO - Processed 45 chunks from Rajkumar et al. - 2022 - Evaluating the Text-to-SQL Capabilities of Large L.pdf
2025-07-17 11:36:04,525 - httpx - INFO - HTTP Request: PUT http://qdrant:6333/collections/documents/points?wait=true "HTTP/1.1 200 OK"
2025-07-17 11:36:04,762 - httpx - INFO - HTTP Request: PUT http://qdrant:6333/collections/documents/points?wait=true "HTTP/1.1 200 OK"
2025-07-17 11:36:04,769 - __main__ - INFO - Processing Chang and Fosler-Lussier - 2023 - How to Prompt LLMs for Text-to-SQL A Study in Zer.pdf
2025-07-17 11:36:04,771 - scripts.pdf_processor - INFO - Processing PDF: Chang and Fosler-Lussier - 2023 - How to Prompt LLMs for Text-to-SQL A Study in Zer.pdf
2025-07-17 11:36:05,292 - scripts.pdf_processor - INFO - Processed 69 chunks from Chang and Fosler-Lussier - 2023 - How to Prompt LLMs for Text-to-SQL A Study in Zer.pdf
2025-07-17 11:36:05,880 - httpx - INFO - HTTP Request: PUT http://qdrant:6333/collections/documents/points?wait=true "HTTP/1.1 200 OK"
2025-07-17 11:36:06,444 - httpx - INFO - HTTP Request: PUT http://qdrant:6333/collections/documents/points?wait=true "HTTP/1.1 200 OK"
2025-07-17 11:36:06,556 - httpx - INFO - HTTP Request: PUT http://qdrant:6333/collections/documents/points?wait=true "HTTP/1.1 200 OK"
2025-07-17 11:36:06,561 - __main__ - INFO - Processing Katsogiannis-Meimarakis and Koutrika - 2023 - A survey on deep learning approaches for text-to-S.pdf
2025-07-17 11:36:06,562 - scripts.pdf_processor - INFO - Processing PDF: Katsogiannis-Meimarakis and Koutrika - 2023 - A survey on deep learning approaches for text-to-S.pdf
2025-07-17 11:36:08,324 - scripts.pdf_processor - INFO - Processed 203 chunks from Katsogiannis-Meimarakis and Koutrika - 2023 - A survey on deep learning approaches for text-to-S.pdf
2025-07-17 11:36:08,898 - httpx - INFO - HTTP Request: PUT http://qdrant:6333/collections/documents/points?wait=true "HTTP/1.1 200 OK"
2025-07-17 11:36:09,553 - httpx - INFO - HTTP Request: PUT http://qdrant:6333/collections/documents/points?wait=true "HTTP/1.1 200 OK"
2025-07-17 11:36:10,089 - httpx - INFO - HTTP Request: PUT http://qdrant:6333/collections/documents/points?wait=true "HTTP/1.1 200 OK"
2025-07-17 11:36:10,702 - httpx - INFO - HTTP Request: PUT http://qdrant:6333/collections/documents/points?wait=true "HTTP/1.1 200 OK"
2025-07-17 11:36:11,261 - httpx - INFO - HTTP Request: PUT http://qdrant:6333/collections/documents/points?wait=true "HTTP/1.1 200 OK"
2025-07-17 11:36:11,885 - httpx - INFO - HTTP Request: PUT http://qdrant:6333/collections/documents/points?wait=true "HTTP/1.1 200 OK"
2025-07-17 11:36:12,121 - httpx - INFO - HTTP Request: PUT http://qdrant:6333/collections/documents/points?wait=true "HTTP/1.1 200 OK"
2025-07-17 11:36:12,128 - __main__ - INFO - Successfully processed 414 chunks from /app/data/pdfs
2025-07-17 11:36:12,132 - __main__ - INFO - Successfully processed 414 chunks in 17.16 seconds
2025-07-17 11:37:43,851 - __main__ - INFO - Starting PDF ingestion from /app/data/pdfs
2025-07-17 11:37:43,851 - __main__ - INFO - Using collection: documents
2025-07-17 11:37:43,851 - __main__ - INFO - Chunk size: 1000, Overlap: 200, Batch size: 32
2025-07-17 11:37:43,897 - httpx - INFO - HTTP Request: GET http://qdrant:6333 "HTTP/1.1 200 OK"
2025-07-17 11:37:43,897 - sentence_transformers.SentenceTransformer - INFO - Load pretrained SentenceTransformer: all-MiniLM-L6-v2
2025-07-17 11:38:49,120 - sentence_transformers.SentenceTransformer - INFO - Use pytorch device_name: cpu
2025-07-17 11:38:49,124 - httpx - INFO - HTTP Request: GET http://qdrant:6333/collections "HTTP/1.1 200 OK"
2025-07-17 11:38:49,125 - __main__ - INFO - Processing Zhang et al. - 2024 - Benchmarking the Text-to-SQL Capability of Large L.pdf
2025-07-17 11:38:49,137 - scripts.pdf_processor - INFO - Processing PDF: Zhang et al. - 2024 - Benchmarking the Text-to-SQL Capability of Large L.pdf
2025-07-17 11:38:49,803 - scripts.pdf_processor - INFO - Processed 97 chunks from Zhang et al. - 2024 - Benchmarking the Text-to-SQL Capability of Large L.pdf
2025-07-17 11:38:50,395 - httpx - INFO - HTTP Request: PUT http://qdrant:6333/collections/documents/points?wait=true "HTTP/1.1 200 OK"
2025-07-17 11:38:50,910 - httpx - INFO - HTTP Request: PUT http://qdrant:6333/collections/documents/points?wait=true "HTTP/1.1 200 OK"
2025-07-17 11:38:51,475 - httpx - INFO - HTTP Request: PUT http://qdrant:6333/collections/documents/points?wait=true "HTTP/1.1 200 OK"
2025-07-17 11:38:51,490 - httpx - INFO - HTTP Request: PUT http://qdrant:6333/collections/documents/points?wait=true "HTTP/1.1 200 OK"
2025-07-17 11:38:51,496 - __main__ - INFO - Processing Rajkumar et al. - 2022 - Evaluating the Text-to-SQL Capabilities of Large L.pdf
2025-07-17 11:38:51,498 - scripts.pdf_processor - INFO - Processing PDF: Rajkumar et al. - 2022 - Evaluating the Text-to-SQL Capabilities of Large L.pdf
2025-07-17 11:38:51,688 - scripts.pdf_processor - INFO - Processed 45 chunks from Rajkumar et al. - 2022 - Evaluating the Text-to-SQL Capabilities of Large L.pdf
2025-07-17 11:38:52,253 - httpx - INFO - HTTP Request: PUT http://qdrant:6333/collections/documents/points?wait=true "HTTP/1.1 200 OK"
2025-07-17 11:38:52,469 - httpx - INFO - HTTP Request: PUT http://qdrant:6333/collections/documents/points?wait=true "HTTP/1.1 200 OK"
2025-07-17 11:38:52,474 - __main__ - INFO - Processing Chang and Fosler-Lussier - 2023 - How to Prompt LLMs for Text-to-SQL A Study in Zer.pdf
2025-07-17 11:38:52,475 - scripts.pdf_processor - INFO - Processing PDF: Chang and Fosler-Lussier - 2023 - How to Prompt LLMs for Text-to-SQL A Study in Zer.pdf
2025-07-17 11:38:52,994 - scripts.pdf_processor - INFO - Processed 69 chunks from Chang and Fosler-Lussier - 2023 - How to Prompt LLMs for Text-to-SQL A Study in Zer.pdf
2025-07-17 11:38:53,659 - httpx - INFO - HTTP Request: PUT http://qdrant:6333/collections/documents/points?wait=true "HTTP/1.1 200 OK"
2025-07-17 11:38:54,197 - httpx - INFO - HTTP Request: PUT http://qdrant:6333/collections/documents/points?wait=true "HTTP/1.1 200 OK"
2025-07-17 11:38:54,305 - httpx - INFO - HTTP Request: PUT http://qdrant:6333/collections/documents/points?wait=true "HTTP/1.1 200 OK"
2025-07-17 11:38:54,311 - __main__ - INFO - Processing Katsogiannis-Meimarakis and Koutrika - 2023 - A survey on deep learning approaches for text-to-S.pdf
2025-07-17 11:38:54,313 - scripts.pdf_processor - INFO - Processing PDF: Katsogiannis-Meimarakis and Koutrika - 2023 - A survey on deep learning approaches for text-to-S.pdf
2025-07-17 11:38:56,082 - scripts.pdf_processor - INFO - Processed 203 chunks from Katsogiannis-Meimarakis and Koutrika - 2023 - A survey on deep learning approaches for text-to-S.pdf
2025-07-17 11:38:56,616 - httpx - INFO - HTTP Request: PUT http://qdrant:6333/collections/documents/points?wait=true "HTTP/1.1 200 OK"
2025-07-17 11:38:57,144 - httpx - INFO - HTTP Request: PUT http://qdrant:6333/collections/documents/points?wait=true "HTTP/1.1 200 OK"
2025-07-17 11:38:57,646 - httpx - INFO - HTTP Request: PUT http://qdrant:6333/collections/documents/points?wait=true "HTTP/1.1 200 OK"
2025-07-17 11:38:58,139 - httpx - INFO - HTTP Request: PUT http://qdrant:6333/collections/documents/points?wait=true "HTTP/1.1 200 OK"
2025-07-17 11:38:58,669 - httpx - INFO - HTTP Request: PUT http://qdrant:6333/collections/documents/points?wait=true "HTTP/1.1 200 OK"
2025-07-17 11:38:59,224 - httpx - INFO - HTTP Request: PUT http://qdrant:6333/collections/documents/points?wait=true "HTTP/1.1 200 OK"
2025-07-17 11:38:59,396 - httpx - INFO - HTTP Request: PUT http://qdrant:6333/collections/documents/points?wait=true "HTTP/1.1 200 OK"
2025-07-17 11:38:59,401 - __main__ - INFO - Successfully processed 414 chunks from /app/data/pdfs
2025-07-17 11:38:59,404 - __main__ - INFO - Successfully processed 414 chunks in 75.55 seconds
2025-07-17 15:57:25,770 - __main__ - INFO - Starting PDF ingestion from /app/data/pdfs
2025-07-17 15:57:25,771 - __main__ - INFO - Using collection: documents
2025-07-17 15:57:25,771 - __main__ - INFO - Chunk size: 1000, Overlap: 200, Batch size: 32
2025-07-17 15:57:25,827 - httpx - INFO - HTTP Request: GET http://qdrant:6333 "HTTP/1.1 200 OK"
2025-07-17 15:57:25,827 - sentence_transformers.SentenceTransformer - INFO - Load pretrained SentenceTransformer: all-MiniLM-L6-v2
2025-07-17 15:57:37,580 - sentence_transformers.SentenceTransformer - INFO - Use pytorch device_name: cpu
2025-07-17 15:57:37,586 - httpx - INFO - HTTP Request: GET http://qdrant:6333/collections "HTTP/1.1 200 OK"
2025-07-17 15:57:37,589 - __main__ - INFO - Processing Zhang et al. - 2024 - Benchmarking the Text-to-SQL Capability of Large L.pdf
2025-07-17 15:57:37,610 - scripts.pdf_processor - INFO - Processing PDF: Zhang et al. - 2024 - Benchmarking the Text-to-SQL Capability of Large L.pdf
2025-07-17 15:57:38,292 - scripts.pdf_processor - INFO - Processed 97 chunks from Zhang et al. - 2024 - Benchmarking the Text-to-SQL Capability of Large L.pdf
2025-07-17 15:57:39,201 - httpx - INFO - HTTP Request: PUT http://qdrant:6333/collections/documents/points?wait=true "HTTP/1.1 200 OK"
2025-07-17 15:57:39,981 - httpx - INFO - HTTP Request: PUT http://qdrant:6333/collections/documents/points?wait=true "HTTP/1.1 200 OK"
2025-07-17 15:57:40,594 - httpx - INFO - HTTP Request: PUT http://qdrant:6333/collections/documents/points?wait=true "HTTP/1.1 200 OK"
2025-07-17 15:57:40,629 - httpx - INFO - HTTP Request: PUT http://qdrant:6333/collections/documents/points?wait=true "HTTP/1.1 200 OK"
2025-07-17 15:57:40,635 - __main__ - INFO - Processing Rajkumar et al. - 2022 - Evaluating the Text-to-SQL Capabilities of Large L.pdf
2025-07-17 15:57:40,637 - scripts.pdf_processor - INFO - Processing PDF: Rajkumar et al. - 2022 - Evaluating the Text-to-SQL Capabilities of Large L.pdf
2025-07-17 15:57:40,835 - scripts.pdf_processor - INFO - Processed 45 chunks from Rajkumar et al. - 2022 - Evaluating the Text-to-SQL Capabilities of Large L.pdf
2025-07-17 15:57:41,444 - httpx - INFO - HTTP Request: PUT http://qdrant:6333/collections/documents/points?wait=true "HTTP/1.1 200 OK"
2025-07-17 15:57:41,711 - httpx - INFO - HTTP Request: PUT http://qdrant:6333/collections/documents/points?wait=true "HTTP/1.1 200 OK"
2025-07-17 15:57:41,717 - __main__ - INFO - Processing Chang and Fosler-Lussier - 2023 - How to Prompt LLMs for Text-to-SQL A Study in Zer.pdf
2025-07-17 15:57:41,719 - scripts.pdf_processor - INFO - Processing PDF: Chang and Fosler-Lussier - 2023 - How to Prompt LLMs for Text-to-SQL A Study in Zer.pdf
2025-07-17 15:57:42,248 - scripts.pdf_processor - INFO - Processed 69 chunks from Chang and Fosler-Lussier - 2023 - How to Prompt LLMs for Text-to-SQL A Study in Zer.pdf
2025-07-17 15:57:42,816 - httpx - INFO - HTTP Request: PUT http://qdrant:6333/collections/documents/points?wait=true "HTTP/1.1 200 OK"
2025-07-17 15:57:43,354 - httpx - INFO - HTTP Request: PUT http://qdrant:6333/collections/documents/points?wait=true "HTTP/1.1 200 OK"
2025-07-17 15:57:43,458 - httpx - INFO - HTTP Request: PUT http://qdrant:6333/collections/documents/points?wait=true "HTTP/1.1 200 OK"
2025-07-17 15:57:43,463 - __main__ - INFO - Processing Katsogiannis-Meimarakis and Koutrika - 2023 - A survey on deep learning approaches for text-to-S.pdf
2025-07-17 15:57:43,465 - scripts.pdf_processor - INFO - Processing PDF: Katsogiannis-Meimarakis and Koutrika - 2023 - A survey on deep learning approaches for text-to-S.pdf
2025-07-17 15:57:45,245 - scripts.pdf_processor - INFO - Processed 203 chunks from Katsogiannis-Meimarakis and Koutrika - 2023 - A survey on deep learning approaches for text-to-S.pdf
2025-07-17 15:57:45,872 - httpx - INFO - HTTP Request: PUT http://qdrant:6333/collections/documents/points?wait=true "HTTP/1.1 200 OK"
2025-07-17 15:57:46,510 - httpx - INFO - HTTP Request: PUT http://qdrant:6333/collections/documents/points?wait=true "HTTP/1.1 200 OK"
2025-07-17 15:57:47,093 - httpx - INFO - HTTP Request: PUT http://qdrant:6333/collections/documents/points?wait=true "HTTP/1.1 200 OK"
2025-07-17 15:57:47,676 - httpx - INFO - HTTP Request: PUT http://qdrant:6333/collections/documents/points?wait=true "HTTP/1.1 200 OK"
2025-07-17 15:57:48,349 - httpx - INFO - HTTP Request: PUT http://qdrant:6333/collections/documents/points?wait=true "HTTP/1.1 200 OK"
2025-07-17 15:57:48,971 - httpx - INFO - HTTP Request: PUT http://qdrant:6333/collections/documents/points?wait=true "HTTP/1.1 200 OK"
2025-07-17 15:57:49,196 - httpx - INFO - HTTP Request: PUT http://qdrant:6333/collections/documents/points?wait=true "HTTP/1.1 200 OK"
2025-07-17 15:57:49,202 - __main__ - INFO - Successfully processed 414 chunks from /app/data/pdfs
2025-07-17 15:57:49,207 - __main__ - INFO - Successfully processed 414 chunks in 23.44 seconds
